﻿
> frontend@0.0.0 build
> vite build

[36mvite v8.0.0 [32mbuilding client environment for production...[36m[39m
[2K
transforming...Γ£ô 1823 modules transformed.
rendering chunks...
computing gzip size...
dist/index.html                                         2.08 kB Γöé gzip:   0.71 kB
dist/assets/index-CvOj8oc3.css                         33.95 kB Γöé gzip:   6.67 kB
dist/assets/clone-TnVtTcm-.js                           0.09 kB Γöé gzip:   0.11 kB
dist/assets/array-BCJ35G43.js                           0.10 kB Γöé gzip:   0.11 kB
dist/assets/channel-BiIAIZrh.js                         0.11 kB Γöé gzip:   0.12 kB
dist/assets/pie-UPGHQEXC-BdwcoCM6.js                    0.11 kB Γöé gzip:   0.11 kB
dist/assets/info-3K5VOQVL-BNHXZt6k.js                   0.11 kB Γöé gzip:   0.12 kB
dist/assets/radar-KQ55EAFF-CtO1pbyL.js                  0.11 kB Γöé gzip:   0.12 kB
dist/assets/packet-RMMSAZCW-BMFId4H4.js                 0.12 kB Γöé gzip:   0.12 kB
dist/assets/treemap-KZPCXAKY-owwWjgx9.js                0.12 kB Γöé gzip:   0.12 kB
dist/assets/gitGraph-HDMCJU4V-DiHAJnc9.js               0.12 kB Γöé gzip:   0.12 kB
dist/assets/architecture-PBZL5I3N-DrNGSSM4.js           0.12 kB Γöé gzip:   0.12 kB
dist/assets/init-BMBYmmUa.js                            0.14 kB Γöé gzip:   0.12 kB
dist/assets/chunk-QZHKN3VN-IYztZJI3.js                  0.18 kB Γöé gzip:   0.15 kB
dist/assets/chunk-4BX2VUAB-Vik3L4HH.js                  0.21 kB Γöé gzip:   0.16 kB
dist/assets/chunk-55IACEB6-mlw1Ezn2.js                  0.22 kB Γöé gzip:   0.19 kB
dist/assets/math-BKVz7c5F.js                            0.31 kB Γöé gzip:   0.20 kB
dist/assets/chunk-FMBD7UC4-Bns4jRRd.js                  0.35 kB Γöé gzip:   0.26 kB
dist/assets/chunk-C72U2L5F-COZjYamk.js                  0.44 kB Γöé gzip:   0.30 kB
dist/assets/chunk-7E7YKBS2-zxAe-Dhd.js                  0.45 kB Γöé gzip:   0.30 kB
dist/assets/chunk-EGIJ26TM-Bts7h8i1.js                  0.45 kB Γöé gzip:   0.31 kB
dist/assets/chunk-L3YUKLVL-DZkXQmq8.js                  0.45 kB Γöé gzip:   0.31 kB
dist/assets/chunk-KX2RTZJC-DSbxnd2Q.js                  0.53 kB Γöé gzip:   0.38 kB
dist/assets/chunk-XIRO2GV7-BmcYSb9v.js                  0.59 kB Γöé gzip:   0.38 kB
dist/assets/stateDiagram-v2-FVOUBMTO-3g-NHc0Z.js        0.69 kB Γöé gzip:   0.41 kB
dist/assets/classDiagram-VBA2DB6C-DarnuTR2.js           0.76 kB Γöé gzip:   0.44 kB
dist/assets/classDiagram-v2-RAHNMMFH-J0I_DPEU.js        0.76 kB Γöé gzip:   0.44 kB
dist/assets/chunk-CFjPhJqf.js                           0.87 kB Γöé gzip:   0.48 kB
dist/assets/chunk-R5LLSJPH-52fO6Btw.js                  0.90 kB Γöé gzip:   0.48 kB
dist/assets/infoDiagram-LFFYTUFH-BqWwJUq6.js            0.90 kB Γöé gzip:   0.54 kB
dist/assets/line-DtwTPpgG.js                            0.94 kB Γöé gzip:   0.47 kB
dist/assets/chunk-YBOYWFTD-e1yk-CiV.js                  0.95 kB Γöé gzip:   0.58 kB
dist/assets/ordinal-BDTCIhXR.js                         1.17 kB Γöé gzip:   0.56 kB
dist/assets/chunk-OZEHJAEY-CaAMXaBk.js                  1.46 kB Γöé gzip:   0.78 kB
dist/assets/chunk-PQ6SQG4A-BkBvZriv.js                  1.83 kB Γöé gzip:   0.89 kB
dist/assets/dist-CfXmrz1P.js                            1.86 kB Γöé gzip:   0.82 kB
dist/assets/chunk-JSJVCQXG-BYtT3j6d.js                  1.93 kB Γöé gzip:   0.86 kB
dist/assets/chunk-MX3YWQON-BrAuzzCC.js                  2.06 kB Γöé gzip:   0.80 kB
dist/assets/path-CIRGLb_6.js                            2.31 kB Γöé gzip:   0.99 kB
dist/assets/_basePickBy-DAd1eMgx.js                     2.63 kB Γöé gzip:   1.33 kB
dist/assets/arc-BSbHJ8P9.js                             3.47 kB Γöé gzip:   1.47 kB
dist/assets/mermaid-parser.core-BN9vvE_U.js             4.38 kB Γöé gzip:   1.50 kB
dist/assets/diagram-P4PSJMXO-DG4mi3QC.js                4.55 kB Γöé gzip:   2.00 kB
dist/assets/defaultLocale-CIS5GEjP.js                   4.64 kB Γöé gzip:   2.12 kB
dist/assets/pieDiagram-SKSYHLDU-DWrFnUWt.js             5.43 kB Γöé gzip:   2.39 kB
dist/assets/linear-DpGIzZ8o.js                          5.52 kB Γöé gzip:   2.25 kB
dist/assets/graphlib-CzDJUehK.js                        5.92 kB Γöé gzip:   1.85 kB
dist/assets/diagram-IFDJBPK2-DwnIVPCp.js                6.08 kB Γöé gzip:   2.56 kB
dist/assets/_createAssigner-Cnio_y90.js                10.45 kB Γöé gzip:   3.89 kB
dist/assets/stateDiagram-RAJIS63D-kj4tzDei.js          10.51 kB Γöé gzip:   3.68 kB
dist/assets/dagre-KLK3FWXG-B6tKOlp7.js                 11.14 kB Γöé gzip:   4.17 kB
dist/assets/_baseUniq-BMn0pKes.js                      12.00 kB Γöé gzip:   4.70 kB
dist/assets/diagram-E7M64L7V-C6K4Bxx9.js               15.80 kB Γöé gzip:   5.55 kB
dist/assets/ishikawaDiagram-PHBUUO56-VprnP-B3.js       17.32 kB Γöé gzip:   6.53 kB
dist/assets/kanban-definition-K7BYSVSG-0w5elci3.js     20.15 kB Γöé gzip:   7.09 kB
dist/assets/mindmap-definition-YRQLILUH-CyaUZaSM.js    21.19 kB Γöé gzip:   7.43 kB
dist/assets/sankeyDiagram-WA2Y5GQK-heXfvhhL.js         21.69 kB Γöé gzip:   7.81 kB
dist/assets/chunk-O4XLMI2P-BBfizhbB.js                 21.96 kB Γöé gzip:   6.13 kB
dist/assets/journeyDiagram-4ABVD52K-CnHg5p_L.js        23.16 kB Γöé gzip:   8.16 kB
dist/assets/timeline-definition-YZTLITO2-CEAyGu0t.js   23.21 kB Γöé gzip:   8.04 kB
dist/assets/gitGraphDiagram-K3NZZRJ6-DFjkZU5S.js       23.95 kB Γöé gzip:   7.39 kB
dist/assets/chunk-GEFDOKGD-Cg_47p6X.js                 25.26 kB Γöé gzip:   7.03 kB
dist/assets/erDiagram-INFDFZHY-JJYr31as.js             25.94 kB Γöé gzip:   9.04 kB
dist/assets/rough.esm-MuJqrtdI.js                      27.10 kB Γöé gzip:   8.85 kB
dist/assets/dagre-CyEZRZDv.js                          28.46 kB Γöé gzip:  10.14 kB
dist/assets/requirementDiagram-Z7DCOOCP-nb3x_ZJB.js    30.29 kB Γöé gzip:   9.49 kB
dist/assets/quadrantDiagram-337W2JSQ-DtyeSWRJ.js       33.37 kB Γöé gzip:   9.72 kB
dist/assets/chunk-NQ4KR5QH-LE3up_L3.js                 36.00 kB Γöé gzip:  11.63 kB
dist/assets/xychartDiagram-JWTSCODW-4PD2GdI3.js        39.91 kB Γöé gzip:  11.15 kB
dist/assets/vennDiagram-LZ73GAT5-CB0fHjSi.js           40.65 kB Γöé gzip:  14.90 kB
dist/assets/src-DNd1jfj7.js                            45.80 kB Γöé gzip:  16.04 kB
dist/assets/chunk-WL4C6EOR-BheEDVFW.js                 45.92 kB Γöé gzip:  14.93 kB
dist/assets/chunk-PU5JKC2W-DezHImhy.js                 52.34 kB Γöé gzip:  17.08 kB
dist/assets/flowDiagram-PKNHOUZH-C1pmmGx1.js           60.56 kB Γöé gzip:  19.62 kB
dist/assets/ganttDiagram-A5KZAMGK-DBGJVKPB.js          68.99 kB Γöé gzip:  22.58 kB
dist/assets/c4Diagram-IC4MRINW-BF68iWYE.js             69.37 kB Γöé gzip:  19.38 kB
dist/assets/blockDiagram-WCTKOSBZ-9u7Nt-ju.js          69.70 kB Γöé gzip:  19.58 kB
dist/assets/cose-bilkent-S5V4N54A-DtnFdx7q.js          81.39 kB Γöé gzip:  21.56 kB
dist/assets/chunk-KYZI473N-BAvtguMR.js                 89.70 kB Γöé gzip:  21.05 kB
dist/assets/sequenceDiagram-2WXFIKYE-nWOxR6Rt.js      110.13 kB Γöé gzip:  28.82 kB
dist/assets/chunk-7R4GIKGN-eLU_-LfE.js                127.84 kB Γöé gzip:  28.35 kB
dist/assets/architectureDiagram-2XIMDMQ5-JbdsWyyY.js  146.84 kB Γöé gzip:  40.34 kB
dist/assets/katex-BtyrJ5Cg.js                         256.33 kB Γöé gzip:  76.84 kB
dist/assets/cytoscape.esm-SXj7hzrF.js                 434.10 kB Γöé gzip: 137.50 kB
dist/assets/chunk-XZSTWKYB-Cwigilbh.js                436.36 kB Γöé gzip:  99.81 kB
dist/assets/index-CbxqwIJx.js                         648.10 kB Γöé gzip: 200.75 kB

[32mΓ£ô built in 1.07s[39m
node.exe : [33m[plugin builtin:vite-reporter] 
At line:1 char:1
+ & "C:\Program Files\nodejs/node.exe" "C:\Program 
Files\nodejs/node_mo ...
+ ~~~~~~~~~~~~~~~~~~~~~~~~~~~~~~~~~~~~~~~~~~~~~~~~~~~~~~~~~
~~~~~~~~~~~~
    + CategoryInfo          : NotSpecified: ([33m[plugin  
   builtin:vite-reporter] :String) [], RemoteException
    + FullyQualifiedErrorId : NativeCommandError
 
(!) Some chunks are larger than 500 kB after minification. 
Consider:
- Using dynamic import() to code-split the application
- Use build.rolldownOptions.output.codeSplitting to 
improve chunking: 
https://rolldown.rs/reference/OutputOptions.codeSplitting
- Adjust chunk size limit for this warning via 
build.chunkSizeWarningLimit.[39m
